// Jest Snapshot v1, https://goo.gl/fbAQLP

exports[`Pruebas en <GifITem /> debe de hacer match con el snapshot 1`] = `
<div>
  <div
    class="card"
  >
    <img
      alt="Harry Potter"
      src="https://harry-potter.com/harry.png"
    />
    <p>
      Harry Potter
    </p>
  </div>
</div>
`;
